
         /\      Grafana   /‾‾/  
    /\  /  \     |\  __   /  /   
   /  \/    \    | |/ /  /   ‾‾\ 
  /          \   |   (  |  (‾)  |
 / __________ \  |_|\_\  \_____/ 

     execution: local
        script: poll_ramp_10k.js
        output: -

     scenarios: (100.00%) 1 scenario, 10000 max VUs, 3m30s max duration (incl. graceful stop):
              * ramp_10k: Up to 10000 looping VUs for 3m0s over 4 stages (gracefulRampDown: 30s, gracefulStop: 30s)


Init       [  38% ] 03756/10000 VUs initialized
ramp_10k   [   0% ]

Init       [  55% ] 05521/10000 VUs initialized
ramp_10k   [   0% ]

Init       [  94% ] 09397/10000 VUs initialized
ramp_10k   [   0% ]

running (0m00.7s), 00022/10000 VUs, 5445 complete and 0 interrupted iterations
ramp_10k   [   0% ] 00022/10000 VUs  0m00.7s/3m00.0s

running (0m01.7s), 00056/10000 VUs, 26369 complete and 0 interrupted iterations
ramp_10k   [   1% ] 00056/10000 VUs  0m01.7s/3m00.0s

running (0m02.7s), 00089/10000 VUs, 48747 complete and 0 interrupted iterations
ramp_10k   [   1% ] 00089/10000 VUs  0m02.7s/3m00.0s

running (0m03.7s), 00123/10000 VUs, 67334 complete and 0 interrupted iterations
ramp_10k   [   2% ] 00123/10000 VUs  0m03.7s/3m00.0s

running (0m04.7s), 00156/10000 VUs, 86638 complete and 0 interrupted iterations
ramp_10k   [   3% ] 00156/10000 VUs  0m04.7s/3m00.0s

running (0m05.7s), 00189/10000 VUs, 101311 complete and 0 interrupted iterations
ramp_10k   [   3% ] 00189/10000 VUs  0m05.7s/3m00.0s

running (0m06.7s), 00222/10000 VUs, 115732 complete and 0 interrupted iterations
ramp_10k   [   4% ] 00222/10000 VUs  0m06.7s/3m00.0s

running (0m07.7s), 00256/10000 VUs, 131558 complete and 0 interrupted iterations
ramp_10k   [   4% ] 00256/10000 VUs  0m07.7s/3m00.0s

running (0m08.7s), 00289/10000 VUs, 149867 complete and 0 interrupted iterations
ramp_10k   [   5% ] 00289/10000 VUs  0m08.7s/3m00.0s

running (0m09.7s), 00322/10000 VUs, 175370 complete and 0 interrupted iterations
ramp_10k   [   5% ] 00322/10000 VUs  0m09.7s/3m00.0s

running (0m10.7s), 00356/10000 VUs, 201921 complete and 0 interrupted iterations
ramp_10k   [   6% ] 00356/10000 VUs  0m10.7s/3m00.0s

running (0m11.7s), 00389/10000 VUs, 233802 complete and 0 interrupted iterations
ramp_10k   [   6% ] 00389/10000 VUs  0m11.7s/3m00.0s

running (0m12.7s), 00422/10000 VUs, 249188 complete and 0 interrupted iterations
ramp_10k   [   7% ] 00422/10000 VUs  0m12.7s/3m00.0s

running (0m13.7s), 00456/10000 VUs, 262060 complete and 0 interrupted iterations
ramp_10k   [   8% ] 00456/10000 VUs  0m13.7s/3m00.0s

running (0m14.7s), 00486/10000 VUs, 276779 complete and 0 interrupted iterations
ramp_10k   [   8% ] 00486/10000 VUs  0m14.7s/3m00.0s

running (0m15.7s), 00522/10000 VUs, 297846 complete and 0 interrupted iterations
ramp_10k   [   9% ] 00522/10000 VUs  0m15.7s/3m00.0s

running (0m16.7s), 00555/10000 VUs, 325278 complete and 0 interrupted iterations
ramp_10k   [   9% ] 00555/10000 VUs  0m16.7s/3m00.0s

running (0m17.7s), 00589/10000 VUs, 353017 complete and 0 interrupted iterations
ramp_10k   [  10% ] 00589/10000 VUs  0m17.7s/3m00.0s

running (0m18.7s), 00621/10000 VUs, 380806 complete and 0 interrupted iterations
ramp_10k   [  10% ] 00621/10000 VUs  0m18.7s/3m00.0s

running (0m19.7s), 00656/10000 VUs, 396398 complete and 0 interrupted iterations
ramp_10k   [  11% ] 00656/10000 VUs  0m19.7s/3m00.0s

running (0m20.7s), 00689/10000 VUs, 409365 complete and 0 interrupted iterations
ramp_10k   [  11% ] 00689/10000 VUs  0m20.7s/3m00.0s

running (0m21.7s), 00722/10000 VUs, 432153 complete and 0 interrupted iterations
ramp_10k   [  12% ] 00722/10000 VUs  0m21.7s/3m00.0s

running (0m22.7s), 00755/10000 VUs, 459067 complete and 0 interrupted iterations
ramp_10k   [  13% ] 00755/10000 VUs  0m22.7s/3m00.0s

running (0m23.7s), 00789/10000 VUs, 488985 complete and 0 interrupted iterations
ramp_10k   [  13% ] 00789/10000 VUs  0m23.7s/3m00.0s

running (0m24.7s), 00818/10000 VUs, 516227 complete and 0 interrupted iterations
ramp_10k   [  14% ] 00818/10000 VUs  0m24.7s/3m00.0s

running (0m25.7s), 00856/10000 VUs, 533509 complete and 0 interrupted iterations
ramp_10k   [  14% ] 00856/10000 VUs  0m25.7s/3m00.0s

running (0m26.7s), 00889/10000 VUs, 552322 complete and 0 interrupted iterations
ramp_10k   [  15% ] 00889/10000 VUs  0m26.7s/3m00.0s

running (0m27.7s), 00922/10000 VUs, 579268 complete and 0 interrupted iterations
ramp_10k   [  15% ] 00922/10000 VUs  0m27.7s/3m00.0s

running (0m28.7s), 00956/10000 VUs, 609772 complete and 0 interrupted iterations
ramp_10k   [  16% ] 00956/10000 VUs  0m28.7s/3m00.0s

running (0m29.7s), 00989/10000 VUs, 639962 complete and 0 interrupted iterations
ramp_10k   [  16% ] 00989/10000 VUs  0m29.7s/3m00.0s

running (0m30.7s), 01022/10000 VUs, 664790 complete and 0 interrupted iterations
ramp_10k   [  17% ] 01022/10000 VUs  0m30.7s/3m00.0s

running (0m31.7s), 01056/10000 VUs, 682078 complete and 0 interrupted iterations
ramp_10k   [  18% ] 01056/10000 VUs  0m31.7s/3m00.0s

running (0m32.7s), 01089/10000 VUs, 700544 complete and 0 interrupted iterations
ramp_10k   [  18% ] 01089/10000 VUs  0m32.7s/3m00.0s

running (0m33.7s), 01122/10000 VUs, 725556 complete and 0 interrupted iterations
ramp_10k   [  19% ] 01122/10000 VUs  0m33.7s/3m00.0s

running (0m34.7s), 01156/10000 VUs, 755726 complete and 0 interrupted iterations
ramp_10k   [  19% ] 01156/10000 VUs  0m34.7s/3m00.0s

running (0m35.7s), 01189/10000 VUs, 786304 complete and 0 interrupted iterations
ramp_10k   [  20% ] 01189/10000 VUs  0m35.7s/3m00.0s

running (0m36.7s), 01211/10000 VUs, 811261 complete and 0 interrupted iterations
ramp_10k   [  20% ] 01211/10000 VUs  0m36.7s/3m00.0s

running (0m37.7s), 01256/10000 VUs, 828741 complete and 0 interrupted iterations
ramp_10k   [  21% ] 01256/10000 VUs  0m37.7s/3m00.0s

running (0m38.7s), 01289/10000 VUs, 846662 complete and 0 interrupted iterations
ramp_10k   [  21% ] 01289/10000 VUs  0m38.7s/3m00.0s

running (0m39.7s), 01322/10000 VUs, 857023 complete and 0 interrupted iterations
ramp_10k   [  22% ] 01323/10000 VUs  0m39.7s/3m00.0s

running (0m40.7s), 01356/10000 VUs, 878104 complete and 0 interrupted iterations
ramp_10k   [  23% ] 01356/10000 VUs  0m40.7s/3m00.0s

running (0m41.7s), 01389/10000 VUs, 899527 complete and 0 interrupted iterations
ramp_10k   [  23% ] 01389/10000 VUs  0m41.7s/3m00.0s

running (0m42.7s), 01422/10000 VUs, 919575 complete and 0 interrupted iterations
ramp_10k   [  24% ] 01422/10000 VUs  0m42.7s/3m00.0s

running (0m43.7s), 01456/10000 VUs, 938263 complete and 0 interrupted iterations
ramp_10k   [  24% ] 01456/10000 VUs  0m43.7s/3m00.0s

running (0m44.7s), 01489/10000 VUs, 949520 complete and 0 interrupted iterations
ramp_10k   [  25% ] 01489/10000 VUs  0m44.7s/3m00.0s

running (0m45.7s), 01522/10000 VUs, 959807 complete and 0 interrupted iterations
ramp_10k   [  25% ] 01522/10000 VUs  0m45.7s/3m00.0s

running (0m46.7s), 01551/10000 VUs, 970530 complete and 0 interrupted iterations
ramp_10k   [  26% ] 01551/10000 VUs  0m46.7s/3m00.0s

running (0m47.7s), 01589/10000 VUs, 985760 complete and 0 interrupted iterations
ramp_10k   [  26% ] 01589/10000 VUs  0m47.7s/3m00.0s

running (0m48.7s), 01622/10000 VUs, 1001647 complete and 0 interrupted iterations
ramp_10k   [  27% ] 01622/10000 VUs  0m48.7s/3m00.0s

running (0m49.7s), 01656/10000 VUs, 1018008 complete and 0 interrupted iterations
ramp_10k   [  28% ] 01656/10000 VUs  0m49.7s/3m00.0s

running (0m50.7s), 01689/10000 VUs, 1036614 complete and 0 interrupted iterations
ramp_10k   [  28% ] 01689/10000 VUs  0m50.7s/3m00.0s

running (0m51.7s), 01723/10000 VUs, 1054928 complete and 0 interrupted iterations
ramp_10k   [  29% ] 01723/10000 VUs  0m51.7s/3m00.0s

running (0m52.7s), 01751/10000 VUs, 1072702 complete and 0 interrupted iterations
ramp_10k   [  29% ] 01751/10000 VUs  0m52.7s/3m00.0s

running (0m53.7s), 01789/10000 VUs, 1085331 complete and 0 interrupted iterations
ramp_10k   [  30% ] 01789/10000 VUs  0m53.7s/3m00.0s

running (0m54.7s), 01822/10000 VUs, 1100137 complete and 0 interrupted iterations
ramp_10k   [  30% ] 01822/10000 VUs  0m54.7s/3m00.0s

running (0m55.7s), 01856/10000 VUs, 1118428 complete and 0 interrupted iterations
ramp_10k   [  31% ] 01856/10000 VUs  0m55.7s/3m00.0s

running (0m56.7s), 01889/10000 VUs, 1143097 complete and 0 interrupted iterations
ramp_10k   [  31% ] 01889/10000 VUs  0m56.7s/3m00.0s

running (0m57.7s), 01922/10000 VUs, 1168092 complete and 0 interrupted iterations
ramp_10k   [  32% ] 01922/10000 VUs  0m57.7s/3m00.0s

running (0m58.7s), 01956/10000 VUs, 1195207 complete and 0 interrupted iterations
ramp_10k   [  33% ] 01956/10000 VUs  0m58.7s/3m00.0s

running (0m59.7s), 01989/10000 VUs, 1214668 complete and 0 interrupted iterations
ramp_10k   [  33% ] 01989/10000 VUs  0m59.7s/3m00.0s

running (1m00.7s), 02090/10000 VUs, 1232629 complete and 0 interrupted iterations
ramp_10k   [  34% ] 02090/10000 VUs  1m00.7s/3m00.0s

running (1m01.7s), 02224/10000 VUs, 1251241 complete and 0 interrupted iterations
ramp_10k   [  34% ] 02224/10000 VUs  1m01.7s/3m00.0s

running (1m02.7s), 02357/10000 VUs, 1274386 complete and 0 interrupted iterations
ramp_10k   [  35% ] 02357/10000 VUs  1m02.7s/3m00.0s

running (1m03.7s), 02490/10000 VUs, 1297533 complete and 0 interrupted iterations
ramp_10k   [  35% ] 02490/10000 VUs  1m03.7s/3m00.0s

running (1m04.7s), 02625/10000 VUs, 1323233 complete and 0 interrupted iterations
ramp_10k   [  36% ] 02625/10000 VUs  1m04.7s/3m00.0s

running (1m06.4s), 02850/10000 VUs, 1355828 complete and 0 interrupted iterations
ramp_10k   [  37% ] 02850/10000 VUs  1m06.4s/3m00.0s

running (1m07.1s), 02946/10000 VUs, 1366088 complete and 0 interrupted iterations
ramp_10k   [  37% ] 02946/10000 VUs  1m07.1s/3m00.0s

running (1m07.7s), 03022/10000 VUs, 1379748 complete and 0 interrupted iterations
ramp_10k   [  38% ] 03022/10000 VUs  1m07.7s/3m00.0s

running (1m08.7s), 03157/10000 VUs, 1403542 complete and 0 interrupted iterations
ramp_10k   [  38% ] 03157/10000 VUs  1m08.7s/3m00.0s

running (1m09.7s), 03292/10000 VUs, 1425092 complete and 0 interrupted iterations
ramp_10k   [  39% ] 03292/10000 VUs  1m09.7s/3m00.0s

running (1m10.7s), 03424/10000 VUs, 1446533 complete and 0 interrupted iterations
ramp_10k   [  39% ] 03424/10000 VUs  1m10.7s/3m00.0s

running (1m11.7s), 03557/10000 VUs, 1467030 complete and 0 interrupted iterations
ramp_10k   [  40% ] 03557/10000 VUs  1m11.7s/3m00.0s

running (1m12.7s), 03690/10000 VUs, 1477033 complete and 0 interrupted iterations
ramp_10k   [  40% ] 03690/10000 VUs  1m12.7s/3m00.0s

running (1m13.7s), 03823/10000 VUs, 1491465 complete and 0 interrupted iterations
ramp_10k   [  41% ] 03823/10000 VUs  1m13.7s/3m00.0s

running (1m14.7s), 03957/10000 VUs, 1511179 complete and 0 interrupted iterations
ramp_10k   [  41% ] 03957/10000 VUs  1m14.7s/3m00.0s

running (1m15.7s), 04066/10000 VUs, 1527201 complete and 0 interrupted iterations
ramp_10k   [  42% ] 04066/10000 VUs  1m15.7s/3m00.0s

running (1m16.7s), 04224/10000 VUs, 1542796 complete and 0 interrupted iterations
ramp_10k   [  43% ] 04224/10000 VUs  1m16.7s/3m00.0s

running (1m17.7s), 04358/10000 VUs, 1566008 complete and 0 interrupted iterations
ramp_10k   [  43% ] 04358/10000 VUs  1m17.7s/3m00.0s

running (1m18.7s), 04492/10000 VUs, 1591586 complete and 0 interrupted iterations
ramp_10k   [  44% ] 04492/10000 VUs  1m18.7s/3m00.0s

running (1m19.7s), 04624/10000 VUs, 1605132 complete and 0 interrupted iterations
ramp_10k   [  44% ] 04624/10000 VUs  1m19.7s/3m00.0s

running (1m20.7s), 04757/10000 VUs, 1616977 complete and 0 interrupted iterations
ramp_10k   [  45% ] 04757/10000 VUs  1m20.7s/3m00.0s

running (1m21.7s), 04890/10000 VUs, 1631298 complete and 0 interrupted iterations
ramp_10k   [  45% ] 04890/10000 VUs  1m21.7s/3m00.0s

running (1m22.7s), 05024/10000 VUs, 1650409 complete and 0 interrupted iterations
ramp_10k   [  46% ] 05024/10000 VUs  1m22.7s/3m00.0s

running (1m23.7s), 05157/10000 VUs, 1672127 complete and 0 interrupted iterations
ramp_10k   [  46% ] 05157/10000 VUs  1m23.7s/3m00.0s

running (1m24.7s), 05291/10000 VUs, 1694903 complete and 0 interrupted iterations
ramp_10k   [  47% ] 05291/10000 VUs  1m24.7s/3m00.0s

running (1m25.7s), 05423/10000 VUs, 1712451 complete and 0 interrupted iterations
ramp_10k   [  48% ] 05423/10000 VUs  1m25.7s/3m00.0s

running (1m26.7s), 05560/10000 VUs, 1729209 complete and 0 interrupted iterations
ramp_10k   [  48% ] 05560/10000 VUs  1m26.7s/3m00.0s

running (1m27.7s), 05691/10000 VUs, 1733865 complete and 0 interrupted iterations
ramp_10k   [  49% ] 05691/10000 VUs  1m27.7s/3m00.0s

running (1m28.7s), 05824/10000 VUs, 1746681 complete and 0 interrupted iterations
ramp_10k   [  49% ] 05824/10000 VUs  1m28.7s/3m00.0s

running (1m29.7s), 05953/10000 VUs, 1760766 complete and 0 interrupted iterations
ramp_10k   [  50% ] 05953/10000 VUs  1m29.7s/3m00.0s

running (1m30.7s), 06090/10000 VUs, 1772338 complete and 0 interrupted iterations
ramp_10k   [  50% ] 06090/10000 VUs  1m30.7s/3m00.0s

running (1m31.7s), 06224/10000 VUs, 1791609 complete and 0 interrupted iterations
ramp_10k   [  51% ] 06224/10000 VUs  1m31.7s/3m00.0s

running (1m32.7s), 06357/10000 VUs, 1813124 complete and 0 interrupted iterations
ramp_10k   [  51% ] 06357/10000 VUs  1m32.7s/3m00.0s

running (1m33.7s), 06490/10000 VUs, 1829861 complete and 0 interrupted iterations
ramp_10k   [  52% ] 06490/10000 VUs  1m33.7s/3m00.0s

running (1m34.7s), 06624/10000 VUs, 1844981 complete and 0 interrupted iterations
ramp_10k   [  53% ] 06624/10000 VUs  1m34.7s/3m00.0s

running (1m35.7s), 06747/10000 VUs, 1853353 complete and 0 interrupted iterations
ramp_10k   [  53% ] 06747/10000 VUs  1m35.7s/3m00.0s

running (1m36.7s), 06890/10000 VUs, 1859276 complete and 0 interrupted iterations
ramp_10k   [  54% ] 06890/10000 VUs  1m36.7s/3m00.0s

running (1m37.7s), 07024/10000 VUs, 1872987 complete and 0 interrupted iterations
ramp_10k   [  54% ] 07024/10000 VUs  1m37.7s/3m00.0s

running (1m38.7s), 07157/10000 VUs, 1895313 complete and 0 interrupted iterations
ramp_10k   [  55% ] 07157/10000 VUs  1m38.7s/3m00.0s

running (1m39.7s), 07290/10000 VUs, 1912989 complete and 0 interrupted iterations
ramp_10k   [  55% ] 07290/10000 VUs  1m39.7s/3m00.0s

running (1m40.7s), 07424/10000 VUs, 1932018 complete and 0 interrupted iterations
ramp_10k   [  56% ] 07424/10000 VUs  1m40.7s/3m00.0s

running (1m41.7s), 07557/10000 VUs, 1956777 complete and 0 interrupted iterations
ramp_10k   [  56% ] 07557/10000 VUs  1m41.7s/3m00.0s

running (1m42.7s), 07690/10000 VUs, 1972973 complete and 0 interrupted iterations
ramp_10k   [  57% ] 07690/10000 VUs  1m42.7s/3m00.0s

running (1m43.7s), 07824/10000 VUs, 1983427 complete and 0 interrupted iterations
ramp_10k   [  58% ] 07824/10000 VUs  1m43.7s/3m00.0s

running (1m44.7s), 07957/10000 VUs, 2009368 complete and 0 interrupted iterations
ramp_10k   [  58% ] 07957/10000 VUs  1m44.7s/3m00.0s

running (1m45.7s), 08091/10000 VUs, 2031707 complete and 0 interrupted iterations
ramp_10k   [  59% ] 08091/10000 VUs  1m45.7s/3m00.0s

running (1m46.7s), 08223/10000 VUs, 2059644 complete and 0 interrupted iterations
ramp_10k   [  59% ] 08223/10000 VUs  1m46.7s/3m00.0s

running (1m47.7s), 08356/10000 VUs, 2081316 complete and 0 interrupted iterations
ramp_10k   [  60% ] 08356/10000 VUs  1m47.7s/3m00.0s

running (1m48.7s), 08491/10000 VUs, 2094894 complete and 0 interrupted iterations
ramp_10k   [  60% ] 08491/10000 VUs  1m48.7s/3m00.0s

running (1m49.7s), 08624/10000 VUs, 2120488 complete and 0 interrupted iterations
ramp_10k   [  61% ] 08624/10000 VUs  1m49.7s/3m00.0s

running (1m50.7s), 08757/10000 VUs, 2140919 complete and 0 interrupted iterations
ramp_10k   [  61% ] 08757/10000 VUs  1m50.7s/3m00.0s

running (1m51.7s), 08890/10000 VUs, 2170943 complete and 0 interrupted iterations
ramp_10k   [  62% ] 08890/10000 VUs  1m51.7s/3m00.0s

running (1m52.7s), 09024/10000 VUs, 2193860 complete and 0 interrupted iterations
ramp_10k   [  63% ] 09024/10000 VUs  1m52.7s/3m00.0s

running (1m53.7s), 09157/10000 VUs, 2204118 complete and 0 interrupted iterations
ramp_10k   [  63% ] 09157/10000 VUs  1m53.7s/3m00.0s

running (1m54.7s), 09290/10000 VUs, 2229251 complete and 0 interrupted iterations
ramp_10k   [  64% ] 09290/10000 VUs  1m54.7s/3m00.0s

running (1m55.7s), 09424/10000 VUs, 2255015 complete and 0 interrupted iterations
ramp_10k   [  64% ] 09424/10000 VUs  1m55.7s/3m00.0s

running (1m56.7s), 09557/10000 VUs, 2275535 complete and 0 interrupted iterations
ramp_10k   [  65% ] 09557/10000 VUs  1m56.7s/3m00.0s

running (1m57.7s), 09690/10000 VUs, 2289553 complete and 0 interrupted iterations
ramp_10k   [  65% ] 09690/10000 VUs  1m57.7s/3m00.0s

running (1m58.7s), 09824/10000 VUs, 2304444 complete and 0 interrupted iterations
ramp_10k   [  66% ] 09824/10000 VUs  1m58.7s/3m00.0s

running (1m59.7s), 09957/10000 VUs, 2310212 complete and 0 interrupted iterations
ramp_10k   [  66% ] 09957/10000 VUs  1m59.7s/3m00.0s

running (2m00.7s), 10000/10000 VUs, 2319996 complete and 0 interrupted iterations
ramp_10k   [  67% ] 10000/10000 VUs  2m00.7s/3m00.0s

running (2m01.7s), 09752/10000 VUs, 2345472 complete and 0 interrupted iterations
ramp_10k   [  68% ] 09752/10000 VUs  2m01.7s/3m00.0s

running (2m02.7s), 09584/10000 VUs, 2372534 complete and 0 interrupted iterations
ramp_10k   [  68% ] 09584/10000 VUs  2m02.7s/3m00.0s

running (2m03.7s), 09443/10000 VUs, 2387925 complete and 0 interrupted iterations
ramp_10k   [  69% ] 09443/10000 VUs  2m03.7s/3m00.0s

running (2m04.7s), 09264/10000 VUs, 2404157 complete and 0 interrupted iterations
ramp_10k   [  69% ] 09264/10000 VUs  2m04.7s/3m00.0s

running (2m05.7s), 09126/10000 VUs, 2418904 complete and 0 interrupted iterations
ramp_10k   [  70% ] 09126/10000 VUs  2m05.7s/3m00.0s

running (2m06.7s), 09045/10000 VUs, 2425436 complete and 0 interrupted iterations
ramp_10k   [  70% ] 09045/10000 VUs  2m06.7s/3m00.0s

running (2m07.7s), 08849/10000 VUs, 2432104 complete and 0 interrupted iterations
ramp_10k   [  71% ] 08849/10000 VUs  2m07.7s/3m00.0s

running (2m08.7s), 08594/10000 VUs, 2447565 complete and 0 interrupted iterations
ramp_10k   [  71% ] 08594/10000 VUs  2m08.7s/3m00.0s

running (2m09.7s), 08422/10000 VUs, 2472969 complete and 0 interrupted iterations
ramp_10k   [  72% ] 08422/10000 VUs  2m09.7s/3m00.0s

running (2m10.7s), 08275/10000 VUs, 2494088 complete and 0 interrupted iterations
ramp_10k   [  73% ] 08275/10000 VUs  2m10.7s/3m00.0s

running (2m11.7s), 08086/10000 VUs, 2512487 complete and 0 interrupted iterations
ramp_10k   [  73% ] 08086/10000 VUs  2m11.7s/3m00.0s

running (2m12.7s), 07936/10000 VUs, 2531509 complete and 0 interrupted iterations
ramp_10k   [  74% ] 07936/10000 VUs  2m12.7s/3m00.0s

running (2m13.7s), 07811/10000 VUs, 2542978 complete and 0 interrupted iterations
ramp_10k   [  74% ] 07811/10000 VUs  2m13.7s/3m00.0s

running (2m14.7s), 07597/10000 VUs, 2554847 complete and 0 interrupted iterations
ramp_10k   [  75% ] 07597/10000 VUs  2m14.7s/3m00.0s

running (2m15.7s), 07408/10000 VUs, 2580820 complete and 0 interrupted iterations
ramp_10k   [  75% ] 07408/10000 VUs  2m15.7s/3m00.0s

running (2m16.7s), 07241/10000 VUs, 2611554 complete and 0 interrupted iterations
ramp_10k   [  76% ] 07241/10000 VUs  2m16.7s/3m00.0s

running (2m17.7s), 07076/10000 VUs, 2640702 complete and 0 interrupted iterations
ramp_10k   [  76% ] 07076/10000 VUs  2m17.7s/3m00.0s

running (2m18.7s), 06948/10000 VUs, 2657555 complete and 0 interrupted iterations
ramp_10k   [  77% ] 06948/10000 VUs  2m18.7s/3m00.0s

running (2m19.7s), 06747/10000 VUs, 2673545 complete and 0 interrupted iterations
ramp_10k   [  78% ] 06747/10000 VUs  2m19.7s/3m00.0s

running (2m20.7s), 06569/10000 VUs, 2700747 complete and 0 interrupted iterations
ramp_10k   [  78% ] 06569/10000 VUs  2m20.7s/3m00.0s

running (2m21.7s), 06404/10000 VUs, 2727522 complete and 0 interrupted iterations
ramp_10k   [  79% ] 06404/10000 VUs  2m21.7s/3m00.0s

running (2m22.7s), 06238/10000 VUs, 2754861 complete and 0 interrupted iterations
ramp_10k   [  79% ] 06238/10000 VUs  2m22.7s/3m00.0s

running (2m23.7s), 06083/10000 VUs, 2780122 complete and 0 interrupted iterations
ramp_10k   [  80% ] 06083/10000 VUs  2m23.7s/3m00.0s

running (2m24.7s), 05915/10000 VUs, 2792449 complete and 0 interrupted iterations
ramp_10k   [  80% ] 05915/10000 VUs  2m24.7s/3m00.0s

running (2m25.7s), 05738/10000 VUs, 2808075 complete and 0 interrupted iterations
ramp_10k   [  81% ] 05738/10000 VUs  2m25.7s/3m00.0s

running (2m26.7s), 05570/10000 VUs, 2832780 complete and 0 interrupted iterations
ramp_10k   [  81% ] 05570/10000 VUs  2m26.7s/3m00.0s

running (2m27.7s), 05402/10000 VUs, 2858304 complete and 0 interrupted iterations
ramp_10k   [  82% ] 05402/10000 VUs  2m27.7s/3m00.0s

running (2m28.7s), 05251/10000 VUs, 2883163 complete and 0 interrupted iterations
ramp_10k   [  83% ] 05251/10000 VUs  2m28.7s/3m00.0s

running (2m29.7s), 05090/10000 VUs, 2901856 complete and 0 interrupted iterations
ramp_10k   [  83% ] 05090/10000 VUs  2m29.7s/3m00.0s

running (2m31.8s), 04737/10000 VUs, 2920047 complete and 0 interrupted iterations
ramp_10k   [  84% ] 04737/10000 VUs  2m31.8s/3m00.0s

running (2m32.8s), 04575/10000 VUs, 2932021 complete and 0 interrupted iterations
ramp_10k   [  85% ] 04575/10000 VUs  2m32.8s/3m00.0s

running (2m33.7s), 04404/10000 VUs, 2948817 complete and 0 interrupted iterations
ramp_10k   [  85% ] 04404/10000 VUs  2m33.7s/3m00.0s

running (2m34.7s), 04255/10000 VUs, 2967338 complete and 0 interrupted iterations
ramp_10k   [  86% ] 04255/10000 VUs  2m34.7s/3m00.0s

running (2m35.7s), 04073/10000 VUs, 2985366 complete and 0 interrupted iterations
ramp_10k   [  86% ] 04073/10000 VUs  2m35.7s/3m00.0s

running (2m36.7s), 03930/10000 VUs, 2994999 complete and 0 interrupted iterations
ramp_10k   [  87% ] 03930/10000 VUs  2m36.7s/3m00.0s

running (2m37.7s), 03750/10000 VUs, 3009741 complete and 0 interrupted iterations
ramp_10k   [  88% ] 03750/10000 VUs  2m37.7s/3m00.0s

running (2m38.7s), 03572/10000 VUs, 3026598 complete and 0 interrupted iterations
ramp_10k   [  88% ] 03572/10000 VUs  2m38.7s/3m00.0s

running (2m39.7s), 03426/10000 VUs, 3039910 complete and 0 interrupted iterations
ramp_10k   [  89% ] 03426/10000 VUs  2m39.7s/3m00.0s

running (2m40.7s), 03248/10000 VUs, 3048898 complete and 0 interrupted iterations
ramp_10k   [  89% ] 03248/10000 VUs  2m40.7s/3m00.0s

running (2m41.7s), 03073/10000 VUs, 3062422 complete and 0 interrupted iterations
ramp_10k   [  90% ] 03073/10000 VUs  2m41.7s/3m00.0s

running (2m42.7s), 02915/10000 VUs, 3075888 complete and 0 interrupted iterations
ramp_10k   [  90% ] 02915/10000 VUs  2m42.7s/3m00.0s

running (2m43.7s), 02741/10000 VUs, 3092736 complete and 0 interrupted iterations
ramp_10k   [  91% ] 02741/10000 VUs  2m43.7s/3m00.0s

running (2m44.7s), 02578/10000 VUs, 3110416 complete and 0 interrupted iterations
ramp_10k   [  91% ] 02578/10000 VUs  2m44.7s/3m00.0s

running (2m45.7s), 02411/10000 VUs, 3125021 complete and 0 interrupted iterations
ramp_10k   [  92% ] 02411/10000 VUs  2m45.7s/3m00.0s

running (2m46.7s), 02240/10000 VUs, 3141652 complete and 0 interrupted iterations
ramp_10k   [  93% ] 02240/10000 VUs  2m46.7s/3m00.0s

running (2m47.7s), 02074/10000 VUs, 3156344 complete and 0 interrupted iterations
ramp_10k   [  93% ] 02074/10000 VUs  2m47.7s/3m00.0s

running (2m48.7s), 01903/10000 VUs, 3172267 complete and 0 interrupted iterations
ramp_10k   [  94% ] 01903/10000 VUs  2m48.7s/3m00.0s

running (2m49.7s), 01734/10000 VUs, 3183025 complete and 0 interrupted iterations
ramp_10k   [  94% ] 01734/10000 VUs  2m49.7s/3m00.0s

running (2m50.7s), 01563/10000 VUs, 3197303 complete and 0 interrupted iterations
ramp_10k   [  95% ] 01563/10000 VUs  2m50.7s/3m00.0s

running (2m51.7s), 01400/10000 VUs, 3207371 complete and 0 interrupted iterations
ramp_10k   [  95% ] 01400/10000 VUs  2m51.7s/3m00.0s

running (2m52.7s), 01228/10000 VUs, 3219928 complete and 0 interrupted iterations
ramp_10k   [  96% ] 01228/10000 VUs  2m52.7s/3m00.0s

running (2m53.7s), 01055/10000 VUs, 3234688 complete and 0 interrupted iterations
ramp_10k   [  96% ] 01055/10000 VUs  2m53.7s/3m00.0s

running (2m54.7s), 00904/10000 VUs, 3248265 complete and 0 interrupted iterations
ramp_10k   [  97% ] 00904/10000 VUs  2m54.7s/3m00.0s

running (2m55.7s), 00727/10000 VUs, 3265153 complete and 0 interrupted iterations
ramp_10k   [  98% ] 00727/10000 VUs  2m55.7s/3m00.0s

running (2m56.7s), 00558/10000 VUs, 3281911 complete and 0 interrupted iterations
ramp_10k   [  98% ] 00558/10000 VUs  2m56.7s/3m00.0s

running (2m57.7s), 00388/10000 VUs, 3299258 complete and 0 interrupted iterations
ramp_10k   [  99% ] 00388/10000 VUs  2m57.7s/3m00.0s

running (2m58.7s), 00222/10000 VUs, 3313407 complete and 0 interrupted iterations
ramp_10k   [  99% ] 00222/10000 VUs  2m58.7s/3m00.0s

running (2m59.7s), 00055/10000 VUs, 3326758 complete and 0 interrupted iterations
ramp_10k   [ 100% ] 00055/10000 VUs  2m59.7s/3m00.0s

running (3m00.0s), 00000/10000 VUs, 3330053 complete and 0 interrupted iterations
ramp_10k ✓ [ 100% ] 00000/10000 VUs  3m0s
time="2026-03-03T19:03:35-03:00" level=info msg="[k6-reporter v3.0.4] Generating HTML summary report, with theme: default" source=console

running (3m00.0s), 00000/10000 VUs, 3330053 complete and 0 interrupted iterations
ramp_10k ✓ [ 100% ] 00000/10000 VUs  3m0s
time="2026-03-03T19:03:35-03:00" level=error msg="thresholds on metrics 'http_req_failed' have been crossed"
